// Jest Snapshot v1, https://goo.gl/fbAQLP

exports[`Provider and LoginComponent renders <Provider/> correctly 1`] = `
<div
  className="padding-top form-container padding-bottom"
>
  <form
    className="padding-top text-center border border-light p-5"
    onSubmit={[MockFunction]}
  >
    <p
      className="h4 mb-4"
    >
      Sign in
    </p>
    <input
      className="form-control mb-4"
      id="defaultLoginFormEmail"
      name="email"
      onChange={[MockFunction]}
      placeholder="E-mail"
      required={true}
      type="email"
      value=""
    />
    <input
      className="form-control mb-4"
      id="defaultLoginFormPassword"
      name="password"
      onChange={[MockFunction]}
      placeholder="Password"
      required={true}
      type="password"
      value=""
    />
    <div
      className="d-flex justify-content-around"
    >
      <div>
        <div
          className="custom-control custom-checkbox"
        >
          <input
            className="custom-control-input"
            id="defaultLoginFormRemember"
            type="checkbox"
          />
          <label
            className="custom-control-label"
            htmlFor="defaultLoginFormRemember"
          >
            Remember me 
          </label>
        </div>
      </div>
      <br />
      <div>
        <a
          href="/"
        >
           Â  Forgot password?
        </a>
      </div>
    </div>
    <button
      className="btn btn-info btn-block my-4"
      type="submit"
    >
      Sign in
    </button>
    <p>
      Not a member?
      <NavLink
        to="/signup"
      >
         Register
      </NavLink>
    </p>
    <p>
      or sign in with:
    </p>
    <NavLink
      className="light-blue-text mx-2"
      to="/signup"
    >
      <i
        className="fab fa-facebook-f"
      />
    </NavLink>
    <NavLink
      className="light-blue-text mx-2"
      to="/signup"
    >
      <i
        className="fab fa-twitter"
      />
    </NavLink>
    <NavLink
      className="light-blue-text mx-2"
      to="/signup"
    >
      <i
        className="fab fa-google"
      />
    </NavLink>
  </form>
</div>
`;
