// Jest Snapshot v1, https://goo.gl/fbAQLP

exports[`Provider and ProtectedRoutes renders <Provider/> correctly 1`] = `
<Route
  render={[Function]}
/>
`;
